object Snippet {
def main(args: Array[String]) {
	println("Hello")
}
}