package sfx

import (
	"mypackage"
	"mysecondpackage"
)

func main() {
fmt.Printf("Hello, world.\n")
}