package slideshowfx

func main() {
	fmt.Printf("Hello, world.\n")
}