module slideshowfx.Snippet

function main = |args| {
	println("Hello")
}

