module sfx.Golo

import mypackage
import mysecondpackage

function main = |args| {
println("Hello")
}

