module sfx.Golo

function main = |args| {
	println("Hello")
}

