package SlideshowFX

fun main(args: Array<String>) {
	println("Hello")
}