package SlideshowFX

import mypackage
import mysecondpackage

fun main(args: Array<String>) {
	println("Hello")
}