import mypackage
import mysecondpackage

class TestGroovy {
	def static main(String ... args) {
println("Hello")
	}
}